// Jest Snapshot v1, https://goo.gl/fbAQLP

exports[`renders correctly 1`] = `
<div
  className="frame frame--light-background frame--padded type--v8ch"
>
  <div
    className="frame__container frame__container--margin-bottom"
  >
    <div
      className="dual-header dual-header--dark dual-header--inset"
    >
      <h3>
        Elixir
      </h3>
      <h5>
        Phoenix Framework
      </h5>
    </div>
  </div>
  <div
    className="frame__container frame__container--margin-bottom"
  >
    <div
      className="dual-header dual-header--dark dual-header--inset"
    >
      <h3>
        JavaScript
      </h3>
      <h5>
        AngularJS/Angular | React | VueJS
      </h5>
    </div>
  </div>
  <div
    className="frame__container frame__container--margin-bottom"
  >
    <div
      className="dual-header dual-header--dark dual-header--inset"
    >
      <h3>
        NodeJS
      </h3>
      <h5>
        Express | FeathersJS
      </h5>
    </div>
  </div>
  <div
    className="frame__container frame__container--margin-bottom"
  >
    <div
      className="dual-header dual-header--dark dual-header--inset"
    >
      <h3>
        NoSQL
      </h3>
      <h5>
        CouchDB | Firebase
      </h5>
    </div>
  </div>
  <div
    className="frame__container frame__container--margin-bottom"
  >
    <div
      className="dual-header dual-header--dark dual-header--inset"
    >
      <h3>
        PHP
      </h3>
      <h5>
        Laravel | WordPress
      </h5>
    </div>
  </div>
  <div
    className="frame__container"
  >
    <div
      className="dual-header dual-header--dark dual-header--inset"
    >
      <h3>
        SQL
      </h3>
      <h5>
        MySQL | PostgreSQL
      </h5>
    </div>
  </div>
</div>
`;
